=== Isolate-specific CNV candidates (outlier in <=2 of 5 samples, i.e. NOT a shared mapping artifact) ===

  chromosome3:0-6000  HIGH  rel_depth=2.52x  present_in=['YH123', 'YH196']  (6000 bp)
  chromosome14:562000-568000  LOW  rel_depth=0.00x  present_in=['YH123', 'YH196']  (6000 bp)
  chromosome4:3000-9000  LOW  rel_depth=0.25x  present_in=['YH166', 'YH229']  (6000 bp)
  chromosome4:1156000-1160000  LOW  rel_depth=0.01x  present_in=['YH166']  (4000 bp)
  chromosome7:1000-4000  LOW  rel_depth=0.26x  present_in=['YH166', 'YH229']  (3000 bp)
  chromosome7:1065000-1069000  HIGH  rel_depth=2.89x  present_in=['YH166', 'YH229']  (4000 bp)
  chromosome8:86000-92000  LOW  rel_depth=0.00x  present_in=['YH166', 'YH196']  (6000 bp)
  chromosome9:434000-439888  LOW  rel_depth=0.12x  present_in=['YH166']  (5888 bp)
  chromosome3:2000-5000  LOW  rel_depth=0.09x  present_in=['YH196', 'YH123']  (3000 bp)
  chromosome4:803000-806000  LOW  rel_depth=0.09x  present_in=['YH196']  (3000 bp)
  chromosome5:0-6000  LOW  rel_depth=0.00x  present_in=['YH196']  (6000 bp)
  chromosome5:569000-576874  LOW  rel_depth=0.01x  present_in=['YH196', 'DoF1']  (7874 bp)
  chromosome6:266000-270161  LOW  rel_depth=0.00x  present_in=['YH196']  (4161 bp)
  chromosome7:1076000-1080000  LOW  rel_depth=0.11x  present_in=['YH196', 'YH166']  (4000 bp)
  chromosome8:535000-540000  LOW  rel_depth=0.20x  present_in=['YH196']  (5000 bp)
  chromosome13:0-6000  LOW  rel_depth=0.04x  present_in=['YH196', 'DoF1']  (6000 bp)
  chromosome13:918000-924431  LOW  rel_depth=0.02x  present_in=['YH196']  (6431 bp)
  chromosome14:781000-784333  HIGH  rel_depth=4.11x  present_in=['YH196', 'YH229']  (3333 bp)
  chromosome15:19000-27000  HIGH  rel_depth=3.21x  present_in=['YH196']  (8000 bp)
  chromosome3:308000-316620  LOW  rel_depth=0.13x  present_in=['YH229']  (8620 bp)
  chromosome7:0-6000  LOW  rel_depth=0.08x  present_in=['YH229', 'YH166']  (6000 bp)
  chromosome7:402000-405000  LOW  rel_depth=0.11x  present_in=['YH229']  (3000 bp)
  chromosome9:178000-182000  HIGH  rel_depth=2.11x  present_in=['YH229']  (4000 bp)
  chromosome9:395000-401000  HIGH  rel_depth=2.30x  present_in=['YH229']  (6000 bp)
  chromosome11:646000-666816  LOW  rel_depth=0.11x  present_in=['YH229']  (20816 bp)
  chromosome14:777000-781000  LOW  rel_depth=0.11x  present_in=['YH229', 'YH196']  (4000 bp)
  chromosome5:571000-576874  LOW  rel_depth=0.12x  present_in=['DoF1', 'YH196']  (5874 bp)

=== Shared-artifact region count (present in >=3/5 samples, likely reference mapping issue) ===
  114 shared regions (not itemized - consistent with Ty/LTR/subtelomeric repeat artifacts)
